\BOOKMARK [0][-]{chapter*.1}{\376\377\000R\000e\000m\000e\000r\000c\000i\000e\000m\000e\000n\000t\000s}{}% 1
\BOOKMARK [0][-]{chapter.1}{\376\377\000I\000n\000t\000r\000o\000d\000u\000c\000t\000i\000o\000n}{}% 2
\BOOKMARK [1][-]{section.1.1}{\376\377\000B\000u\000t\000\040\000d\000u\000\040\000m\000\351\000m\000o\000i\000r\000e}{chapter.1}% 3
\BOOKMARK [1][-]{section.1.2}{\376\377\000L\000e\000s\000\040\000t\000r\000o\000i\000s\000\040\000m\000e\000n\000a\000c\000e\000s\000\040\000q\000u\000i\000\040\000p\000\350\000s\000e\000n\000t\000\040\000s\000u\000r\000\040\000l\000e\000\040\000j\000u\000g\000e\000m\000e\000n\000t}{chapter.1}% 4
\BOOKMARK [1][-]{section.1.3}{\376\377\000D\000\351\000m\000a\000r\000c\000h\000e\000\040\000d\000u\000\040\000m\000\351\000m\000o\000i\000r\000e}{chapter.1}% 5
\BOOKMARK [0][-]{chapter.2}{\376\377\000L\000e\000s\000\040\000d\000o\000n\000n\000\351\000e\000s\000\040\000e\000t\000\040\000l\000e\000u\000r\000\040\000s\000t\000r\000u\000c\000t\000u\000r\000e\000\040\000d\000e\000\040\000d\000\351\000p\000e\000n\000d\000a\000n\000c\000e}{}% 6
\BOOKMARK [1][-]{section.2.1}{\376\377\000L\000a\000\040\000b\000a\000s\000e\000\040\000d\000e\000s\000\040\000t\000r\000a\000d\000e\000s}{chapter.2}% 7
\BOOKMARK [1][-]{section.2.2}{\376\377\000L\000e\000s\000\040\000r\000e\000n\000d\000e\000m\000e\000n\000t\000s\000\040\000s\000e\000c\000t\000o\000r\000i\000e\000l\000s}{chapter.2}% 8
\BOOKMARK [1][-]{section.2.3}{\376\377\000L\000a\000\040\000s\000t\000r\000u\000c\000t\000u\000r\000e\000\040\000d\000e\000\040\000d\000\351\000p\000e\000n\000d\000a\000n\000c\000e\000,\000\040\000m\000e\000s\000u\000r\000\351\000e}{chapter.2}% 9
\BOOKMARK [2][-]{subsection.2.3.1}{\376\377\000C\000a\000n\000a\000l\000\040\0001\000\040\040\024\000\040\000l\000a\000\040\000d\000\351\000p\000e\000n\000d\000a\000n\000c\000e\000\040\000d\000e\000\040\000t\000i\000t\000r\000e}{section.2.3}% 10
\BOOKMARK [2][-]{subsection.2.3.2}{\376\377\000C\000a\000n\000a\000l\000\040\0002\000\040\040\024\000\040\000l\000a\000\040\000d\000\351\000p\000e\000n\000d\000a\000n\000c\000e\000\040\000d\000e\000\040\000m\000a\000r\000c\000h\000\351}{section.2.3}% 11
\BOOKMARK [2][-]{subsection.2.3.3}{\376\377\000C\000a\000n\000a\000l\000\040\0003\000\040\040\024\000\040\000l\000a\000\040\000d\000\351\000p\000e\000n\000d\000a\000n\000c\000e\000\040\000t\000e\000m\000p\000o\000r\000e\000l\000l\000e}{section.2.3}% 12
\BOOKMARK [0][-]{chapter.3}{\376\377\000J\000u\000g\000e\000r\000\040\000l\000e\000s\000\040\000s\000t\000r\000a\000t\000\351\000g\000i\000e\000s\000\040\000:\000\040\000l\000'\000e\000s\000c\000a\000l\000a\000d\000e\000\040\000d\000e\000\040\000p\000r\000u\000d\000e\000n\000c\000e}{}% 13
\BOOKMARK [1][-]{section.3.1}{\376\377\000\311\000t\000a\000p\000e\000\040\0001\000\040\040\024\000\040\000c\000h\000a\000q\000u\000e\000\040\000s\000t\000r\000a\000t\000\351\000g\000i\000e\000\040\000b\000a\000t\000-\000e\000l\000l\000e\000\040\000l\000e\000\040\000h\000a\000s\000a\000r\000d\000\040\000?}{chapter.3}% 14
\BOOKMARK [2][-]{subsection.3.1.1}{\376\377\000L\000a\000\040\000q\000u\000e\000s\000t\000i\000o\000n\000\040\000p\000o\000s\000\351\000e\000\040\000\340\000\040\000l\000'\000o\000u\000t\000i\000l}{section.3.1}% 15
\BOOKMARK [2][-]{subsection.3.1.2}{\376\377\000L\000e\000s\000\040\000m\000\351\000t\000h\000o\000d\000e\000s\000\040\000q\000u\000i\000\040\000y\000\040\000r\000\351\000p\000o\000n\000d\000e\000n\000t}{section.3.1}% 16
\BOOKMARK [2][-]{subsection.3.1.3}{\376\377\000R\000\351\000s\000u\000l\000t\000a\000t\000s}{section.3.1}% 17
\BOOKMARK [1][-]{section.3.2}{\376\377\000\311\000t\000a\000p\000e\000\040\0001\000\040\000b\000i\000s\000\040\040\024\000\040\000l\000e\000\040\000v\000e\000r\000d\000i\000c\000t\000\040\000s\000u\000r\000v\000i\000t\000-\000i\000l\000\040\000\340\000\040\000l\000a\000\040\000d\000\351\000p\000e\000n\000d\000a\000n\000c\000e\000\040\000d\000e\000s\000\040\000t\000r\000a\000d\000e\000s\000\040\000?}{chapter.3}% 18
\BOOKMARK [2][-]{subsection.3.2.1}{\376\377\000L\000a\000\040\000q\000u\000e\000s\000t\000i\000o\000n\000\040\000p\000o\000s\000\351\000e\000\040\000\340\000\040\000l\000'\000o\000u\000t\000i\000l}{section.3.2}% 19
\BOOKMARK [2][-]{subsection.3.2.2}{\376\377\000L\000e\000s\000\040\000m\000\351\000t\000h\000o\000d\000e\000s\000\040\000q\000u\000i\000\040\000y\000\040\000r\000\351\000p\000o\000n\000d\000e\000n\000t}{section.3.2}% 20
\BOOKMARK [2][-]{subsection.3.2.3}{\376\377\000R\000\351\000s\000u\000l\000t\000a\000t\000s}{section.3.2}% 21
\BOOKMARK [2][-]{subsection.3.2.4}{\376\377\000P\000o\000s\000i\000t\000i\000o\000n\000n\000e\000m\000e\000n\000t\000\040\000d\000a\000n\000s\000\040\000l\000a\000\040\000l\000i\000t\000t\000\351\000r\000a\000t\000u\000r\000e\000\040\000f\000i\000n\000a\000n\000c\000i\000\350\000r\000e}{section.3.2}% 22
\BOOKMARK [1][-]{section.3.3}{\376\377\000L\000e\000c\000t\000u\000r\000e\000\040\000d\000u\000\040\000v\000e\000r\000d\000i\000c\000t\000\040\040\024\000\040\000l\000e\000\040\000m\000a\000r\000c\000h\000\351\000\040\000c\000o\000m\000m\000e\000\040\000s\000\351\000r\000i\000e\000\040\000t\000e\000m\000p\000o\000r\000e\000l\000l\000e}{chapter.3}% 23
\BOOKMARK [1][-]{section.3.4}{\376\377\000S\000y\000n\000t\000h\000\350\000s\000e\000\040\000d\000u\000\040\000c\000h\000a\000p\000i\000t\000r\000e}{chapter.3}% 24
\BOOKMARK [0][-]{chapter.4}{\376\377\000L\000e\000\040\000c\000o\000n\000t\000e\000x\000t\000e\000\040\000d\000e\000s\000\040\000t\000r\000a\000d\000e\000s\000\040\000:\000\040\000c\000o\000m\000p\000a\000r\000e\000r\000\040\000e\000t\000\040\000c\000a\000r\000a\000c\000t\000\351\000r\000i\000s\000e\000r}{}% 25
\BOOKMARK [1][-]{section.4.1}{\376\377\000L\000e\000s\000\040\000s\000t\000r\000a\000t\000\351\000g\000i\000e\000s\000\040\000d\000i\000f\000f\000\350\000r\000e\000n\000t\000-\000e\000l\000l\000e\000s\000\040\000e\000n\000t\000r\000e\000\040\000e\000l\000l\000e\000s\000\040\000?}{chapter.4}% 26
\BOOKMARK [1][-]{section.4.2}{\376\377\000G\000a\000g\000n\000e\000r\000\040\000d\000\351\000p\000e\000n\000d\000-\000i\000l\000\040\000d\000u\000\040\000c\000o\000n\000t\000e\000x\000t\000e\000\040\000?}{chapter.4}% 27
\BOOKMARK [1][-]{section.4.3}{\376\377\000L\000e\000\040\000c\000o\000n\000t\000e\000x\000t\000e\000\040\000d\000'\000e\000n\000t\000r\000\351\000e\000\040\000e\000n\000\040\000c\000a\000r\000t\000e\000\040\040\024\000\040\000A\000C\000P}{chapter.4}% 28
\BOOKMARK [1][-]{section.4.4}{\376\377\000A\000F\000C\000\040\000e\000t\000\040\000A\000C\000M}{chapter.4}% 29
\BOOKMARK [1][-]{section.4.5}{\376\377\000S\000y\000n\000t\000h\000\350\000s\000e\000\040\000d\000u\000\040\000c\000h\000a\000p\000i\000t\000r\000e}{chapter.4}% 30
\BOOKMARK [0][-]{chapter.5}{\376\377\000L\000e\000\040\000p\000r\000o\000t\000o\000c\000o\000l\000e\000,\000\040\000s\000e\000s\000\040\000l\000i\000m\000i\000t\000e\000s\000,\000\040\000s\000e\000s\000\040\000s\000u\000i\000t\000e\000s}{}% 31
\BOOKMARK [1][-]{section.5.1}{\376\377\000L\000e\000\040\000p\000r\000o\000t\000o\000c\000o\000l\000e\000\040\000r\000\351\000c\000a\000p\000i\000t\000u\000l\000\351}{chapter.5}% 32
\BOOKMARK [1][-]{section.5.2}{\376\377\000L\000i\000m\000i\000t\000e\000s\000\040\000a\000s\000s\000u\000m\000\351\000e\000s}{chapter.5}% 33
\BOOKMARK [1][-]{section.5.3}{\376\377\000P\000e\000r\000s\000p\000e\000c\000t\000i\000v\000e\000s}{chapter.5}% 34
\BOOKMARK [0][-]{chapter.6}{\376\377\000C\000o\000n\000c\000l\000u\000s\000i\000o\000n}{}% 35
\BOOKMARK [0][-]{chapter*.23}{\376\377\000B\000i\000b\000l\000i\000o\000g\000r\000a\000p\000h\000i\000e}{}% 36
\BOOKMARK [0][-]{appendix.A}{\376\377\000A\000n\000n\000e\000x\000e\000s}{}% 37
\BOOKMARK [1][-]{section.A.1}{\376\377\000E\000x\000t\000r\000a\000i\000t\000s\000\040\000d\000e\000\040\000c\000o\000m\000m\000a\000n\000d\000e\000s\000\040\000\050\000l\000i\000g\000n\000e\000s\000\040\000p\000r\000i\000n\000c\000i\000p\000a\000l\000e\000s\000\051}{appendix.A}% 38
\BOOKMARK [1][-]{section.A.2}{\376\377\000T\000a\000b\000l\000e\000s\000\040\000c\000o\000m\000p\000l\000\351\000m\000e\000n\000t\000a\000i\000r\000e\000s}{appendix.A}% 39
